<html>
<body>
<pre>
<h1>µVision Build Log</h1>
<h2>Project:</h2>
C:\Users\Barrett\Documents\GitHub\Lab5-Jared-Barrett\Lab5.uvproj
Project File Date:  03/07/2018

<h2>Output:</h2>
Rebuild target 'Lab5'
assembling startup.s...
compiling SysTick.c...
compiling TableTrafficLight.c...
linking...
Program Size: Code=4120 RO-data=15192 RW-data=80 ZI-data=1752  
".\Lab5.axf" - 0 Error(s), 0 Warning(s).
Load "C:\\Users\\Barrett\\Documents\\GitHub\\Lab5-Jared-Barrett\\Lab5.axf" 
Connecting: Mode=JTAG, Speed=1000000Hz
Connection failed!, error code=&d
Error: Flash Download failed  -  Target DLL has been cancelled
ableTrafficLight.c(63): error:  #146: too many initializer values
        {0x54, 150, {goW, goW, goW, goW, walk, walk, goW, goW}},
TableTrafficLight.c(64): error:  #146: too many initializer values
        {0x54, 150, {goW, slowW, goW, slowW, slowW, slowW, slowW, slowW}},
TableTrafficLight.c(65): error:  #146: too many initializer values
        {0x54, 150, {waitW, waitW, waitW, waitW, waitW, waitW, waitW, waitW, }},
TableTrafficLight.c(66): error:  #146: too many initializer values
        {0x54, 150, {walk, goS, walk, goS, walk, walk, walk, walk,}},
TableTrafficLight.c(67): error:  #146: too many initializer values
        {0x54, 150, {walk, flashOn1, flashOn1, flashOn1, walk, flashOn1, flashOn1, flashOn1}},
TableTrafficLight.c(68): error:  #146: too many initializer values
        {0x54, 150, {flashOff1, flashOff1, flashOff1, flashOff1, flashOff1, flashOff1, flashOff1, flashOff1}},
TableTrafficLight.c(69): error:  #146: too many initializer values
        {0x54, 150, {flashOn2, flashOn2, flashOn2, flashOn2, flashOn2, flashOn2, flashOn2, flashOn2}},
TableTrafficLight.c(70): error:  #146: too many initializer values
        {0x54, 150, {flashOff2, flashOff2, flashOff2, flashOff2, flashOff2, flashOff2, flashOff2, flashOff2, }},
TableTrafficLight.c(71): error:  #146: too many initializer values
        {0x54, 150, {flashOn3, flashOn3, flashOn3, flashOn3, flashOn3, flashOn3, flashOn3, flashOn3}},
TableTrafficLight.c(72): error:  #146: too many initializer values
        {0x54, 150, {flashOff3, flashOff3, flashOff3, flashOff3, flashOff3, flashOff3, flashOff3, flashOff3, }},
TableTrafficLight.c(73): error:  #146: too many initializer values
        {0x54, 150, {noWalk, noWalk, noWalk, noWalk, noWalk, noWalk, noWalk, noWalk}},
TableTrafficLight.c(74): error:  #146: too many initializer values
        {0x54, 150, {goS, goS, goW, goS, goS, goS, goW, goW}}
TableTrafficLight.c: 0 warnings, 14 errors
".\Lab5.axf" - 14 Error(s), 0 Warning(s).
Target not created
